###############################################################################
#
# IAR ELF Linker V8.40.1.212/W32 for ARM                  12/Dec/2019  19:49:39
# Copyright 2007-2019 IAR Systems AB.
#
#    Output file  =
#        C:\Users\Nour E-Din\Desktop\Embedded projects\LED Matrix (Rock Papper
#        Scisser)\Debug\Exe\Final Project.out
#    Map file     =
#        C:\Users\Nour E-Din\Desktop\Embedded projects\LED Matrix (Rock Papper
#        Scisser)\Debug\List\Final Project.map
#    Command line =
#        -f C:\Users\NOURE-~1\AppData\Local\Temp\EWFF82.tmp ("C:\Users\Nour
#        E-Din\Desktop\Embedded projects\LED Matrix (Rock Papper
#        Scisser)\Debug\Obj\keypad.o" "C:\Users\Nour E-Din\Desktop\Embedded
#        projects\LED Matrix (Rock Papper Scisser)\Debug\Obj\LEDMATRIX.o"
#        "C:\Users\Nour E-Din\Desktop\Embedded projects\LED Matrix (Rock Papper
#        Scisser)\Debug\Obj\main.o" "C:\Users\Nour E-Din\Desktop\Embedded
#        projects\LED Matrix (Rock Papper Scisser)\Debug\Obj\Time.o"
#        --no_out_extension -o "C:\Users\Nour E-Din\Desktop\Embedded
#        projects\LED Matrix (Rock Papper Scisser)\Debug\Exe\Final Project.out"
#        --redirect _Printf=_PrintfFullNoMb --redirect _Scanf=_ScanfFullNoMb
#        --map "C:\Users\Nour E-Din\Desktop\Embedded projects\LED Matrix (Rock
#        Papper Scisser)\Debug\List\Final Project.map" --config "C:\Program
#        Files (x86)\IAR Systems\Embedded Workbench
#        8.3\arm\config\linker\TexasInstruments\TM4C123GH6.icf" --semihosting
#        --entry __iar_program_start --vfe --text_out locale)
#
###############################################################################

*******************************************************************************
*** RUNTIME MODEL ATTRIBUTES
***

CppFlavor       = *
__SystemLibrary = DLib
__dlib_version  = 6


*******************************************************************************
*** HEAP SELECTION
***

The basic heap was selected because some modules are built with
size limitations (and not runtime checking), and --advanced_heap
was not specified.


*******************************************************************************
*** PLACEMENT SUMMARY
***

"A0":  place at address 0x0 { ro section .intvec };
"P1":  place in [from 0x0 to 0x3'ffff] { ro };
define block CSTACK with size = 4K, alignment = 8 { };
define block HEAP with size = 8K, alignment = 8 { };
"P2":  place in [from 0x2000'0000 to 0x2000'7fff] {
          rw, block CSTACK, block HEAP };

No sections matched the following patterns:

  rw  in "P2"


  Section   Kind         Address    Size  Object
  -------   ----         -------    ----  ------
"A0":                               0x40
  .intvec   ro code          0x0    0x40  vector_table_M.o [4]
                          - 0x40    0x40

"P1":                              0x2c4
  .text     ro code         0x40   0x1e2  LEDMATRIX.o [1]
  .text     ro code        0x222     0x2  vector_table_M.o [4]
  .text     ro code        0x224    0x5c  Time.o [1]
  .text     ro code        0x280    0x22  fpinit_M.o [3]
  .text     ro code        0x2a4    0x1e  cmain.o [4]
  .text     ro code        0x2c2     0x4  low_level_init.o [2]
  .text     ro code        0x2c6     0xc  main.o [1]
  .text     ro code        0x2d2     0x4  exit.o [2]
  .text     ro code        0x2d8     0xa  cexit.o [4]
  .text     ro code        0x2e4    0x14  exit.o [5]
  .text     ro code        0x2f8     0xc  cstartup_M.o [4]
                         - 0x304   0x2c4

"P2":                             0x1000
  CSTACK             0x2000'0000  0x1000  <Block>
    CSTACK  uninit   0x2000'0000  0x1000  <Block tail>
                   - 0x2000'1000  0x1000

Unused ranges:

         From           To      Size
         ----           --      ----
        0x304     0x3'ffff  0x3'fcfc
  0x2000'1000  0x2000'7fff    0x7000



*******************************************************************************
*** MODULE SUMMARY
***

    Module            ro code  rw data
    ------            -------  -------
command line/config:
    ----------------------------------
    Total:

C:\Users\Nour E-Din\Desktop\Embedded projects\LED Matrix (Rock Papper Scisser)\Debug\Obj: [1]
    LEDMATRIX.o           482
    Time.o                 92
    main.o                 12
    ----------------------------------
    Total:                586

dl7M_tln.a: [2]
    exit.o                  4
    low_level_init.o        4
    ----------------------------------
    Total:                  8

m7M_tls.a: [3]
    fpinit_M.o             34
    ----------------------------------
    Total:                 34

rt7M_tl.a: [4]
    cexit.o                10
    cmain.o                30
    cstartup_M.o           12
    vector_table_M.o       66
    ----------------------------------
    Total:                118

shb_l.a: [5]
    exit.o                 20
    ----------------------------------
    Total:                 20

    Gaps                    6
    Linker created               4'096
--------------------------------------
    Grand Total:          772    4'096


*******************************************************************************
*** ENTRY LIST
***

Entry                     Address  Size  Type      Object
-----                     -------  ----  ----      ------
?main                       0x2a5        Code  Gb  cmain.o [4]
CSTACK$$Base          0x2000'0000         --   Gb  - Linker created -
CSTACK$$Limit         0x2000'1000         --   Gb  - Linker created -
LED_init                     0x41  0x56  Code  Gb  LEDMATRIX.o [1]
Region$$Table$$Base           0x0         --   Gb  - Linker created -
Region$$Table$$Limit          0x0         --   Gb  - Linker created -
Timer0_init                 0x225  0x1e  Code  Gb  Time.o [1]
__cmain                     0x2a5        Code  Gb  cmain.o [4]
__exit                      0x2e5  0x14  Code  Gb  exit.o [5]
__iar_init_vfp              0x281        Code  Gb  fpinit_M.o [3]
__iar_program_start         0x2f9        Code  Gb  cstartup_M.o [4]
__low_level_init            0x2c3   0x4  Code  Gb  low_level_init.o [2]
__vector_table                0x0        Data  Gb  vector_table_M.o [4]
_call_main                  0x2b1        Code  Gb  cmain.o [4]
_exit                       0x2d9        Code  Gb  cexit.o [4]
_main                       0x2bf        Code  Gb  cmain.o [4]
delayMicroseconds           0x243  0x22  Code  Gb  Time.o [1]
digitalWrite                0x1ad  0x16  Code  Gb  LEDMATRIX.o [1]
exit                        0x2d3   0x4  Code  Gb  exit.o [2]
main                        0x2c7   0xc  Code  Gb  main.o [1]
outputCols                  0x169  0x26  Code  Gb  LEDMATRIX.o [1]
outputRows                  0x143  0x26  Code  Gb  LEDMATRIX.o [1]
playDiagonal                0x1c3  0x60  Code  Gb  LEDMATRIX.o [1]
resetCols                    0xab  0x14  Code  Gb  LEDMATRIX.o [1]
resetRows                    0x97  0x14  Code  Gb  LEDMATRIX.o [1]
shiftCols                   0x101  0x42  Code  Gb  LEDMATRIX.o [1]
shiftRows                    0xbf  0x42  Code  Gb  LEDMATRIX.o [1]


[1] = C:\Users\Nour E-Din\Desktop\Embedded projects\LED Matrix (Rock Papper Scisser)\Debug\Obj
[2] = dl7M_tln.a
[3] = m7M_tls.a
[4] = rt7M_tl.a
[5] = shb_l.a

    772 bytes of readonly  code memory
  4'096 bytes of readwrite data memory

Errors: none
Warnings: none
