###############################################################################
#
# IAR ELF Linker V8.40.1.212/W32 for ARM                  24/Dec/2019  02:38:44
# Copyright 2007-2019 IAR Systems AB.
#
#    Output file  =
#        C:\Users\Nour E-Din\Desktop\Embedded projects\LED Matrix (Rock Papper
#        Scisser)\Debug\Exe\Final Project.out
#    Map file     =
#        C:\Users\Nour E-Din\Desktop\Embedded projects\LED Matrix (Rock Papper
#        Scisser)\Debug\List\Final Project.map
#    Command line =
#        -f C:\Users\NOURE-~1\AppData\Local\Temp\EWA1AE.tmp ("C:\Users\Nour
#        E-Din\Desktop\Embedded projects\LED Matrix (Rock Papper
#        Scisser)\Debug\Obj\IO.o" "C:\Users\Nour E-Din\Desktop\Embedded
#        projects\LED Matrix (Rock Papper Scisser)\Debug\Obj\LEDMATRIX.o"
#        "C:\Users\Nour E-Din\Desktop\Embedded projects\LED Matrix (Rock Papper
#        Scisser)\Debug\Obj\main.o" "C:\Users\Nour E-Din\Desktop\Embedded
#        projects\LED Matrix (Rock Papper Scisser)\Debug\Obj\RPS.o"
#        "C:\Users\Nour E-Din\Desktop\Embedded projects\LED Matrix (Rock Papper
#        Scisser)\Debug\Obj\Time.o" --no_out_extension -o "C:\Users\Nour
#        E-Din\Desktop\Embedded projects\LED Matrix (Rock Papper
#        Scisser)\Debug\Exe\Final Project.out" --redirect
#        _Printf=_PrintfFullNoMb --redirect _Scanf=_ScanfFullNoMb --map
#        "C:\Users\Nour E-Din\Desktop\Embedded projects\LED Matrix (Rock Papper
#        Scisser)\Debug\List\Final Project.map" --config "C:\Program Files
#        (x86)\IAR Systems\Embedded Workbench
#        8.3\arm\config\linker\TexasInstruments\TM4C123GH6.icf" --semihosting
#        --entry __iar_program_start --vfe --text_out locale)
#
###############################################################################

*******************************************************************************
*** RUNTIME MODEL ATTRIBUTES
***

CppFlavor       = *
__SystemLibrary = DLib
__dlib_version  = 6


*******************************************************************************
*** HEAP SELECTION
***

The basic heap was selected because some modules are built with
size limitations (and not runtime checking), and --advanced_heap
was not specified.


*******************************************************************************
*** PLACEMENT SUMMARY
***

"A0":  place at address 0x0 { ro section .intvec };
"P1":  place in [from 0x0 to 0x3'ffff] { ro };
define block CSTACK with size = 4K, alignment = 8 { };
define block HEAP with size = 8K, alignment = 8 { };
"P2":  place in [from 0x2000'0000 to 0x2000'7fff] {
          rw, block CSTACK, block HEAP };
initialize by copy { rw };

  Section            Kind         Address    Size  Object
  -------            ----         -------    ----  ------
"A0":                                        0x40
  .intvec            ro code          0x0    0x40  vector_table_M.o [4]
                                   - 0x40    0x40

"P1":                                       0x3d2
  .text              ro code         0x40   0x278  LEDMATRIX.o [1]
  .text              ro code        0x2b8    0x38  packbits_init_single.o [4]
  .text              ro code        0x2f0    0x28  data_init.o [4]
  .text              ro code        0x318    0x22  fpinit_M.o [3]
  .iar.init_table    const          0x33c    0x10  - Linker created -
  .text              ro code        0x34c     0x2  vector_table_M.o [4]
  .text              ro code        0x350    0x1e  cmain.o [4]
  .text              ro code        0x36e     0x4  low_level_init.o [2]
  .text              ro code        0x372    0x12  main.o [1]
  .text              ro code        0x384     0x4  exit.o [2]
  .text              ro code        0x388     0xa  cexit.o [4]
  .text              ro code        0x394    0x14  exit.o [5]
  .text              ro code        0x3a8     0xc  cstartup_M.o [4]
  .rodata            const          0x3b4     0x0  packbits_init_single.o [4]
  Initializer bytes  const          0x3b4    0x5e  <for P2-1>
                                  - 0x412   0x3d2

"P2", part 1 of 2:                          0x200
  P2-1                        0x2000'0000   0x200  <Init block>
    .data            inited   0x2000'0000   0x200  LEDMATRIX.o [1]
                            - 0x2000'0200   0x200

"P2", part 2 of 2:                         0x1000
  CSTACK                      0x2000'0200  0x1000  <Block>
    CSTACK           uninit   0x2000'0200  0x1000  <Block tail>
                            - 0x2000'1200  0x1000

Unused ranges:

         From           To      Size
         ----           --      ----
        0x412     0x3'ffff  0x3'fbee
  0x2000'1200  0x2000'7fff    0x6e00


*******************************************************************************
*** INIT TABLE
***

          Address      Size
          -------      ----
Copy/packbits (__iar_packbits_init_single3)
    1 source range, total size 0x5e (18% of destination):
                0x3b4   0x5e
    1 destination range, total size 0x200:
          0x2000'0000  0x200



*******************************************************************************
*** MODULE SUMMARY
***

    Module                  ro code  ro data  rw data
    ------                  -------  -------  -------
command line/config:
    -------------------------------------------------
    Total:

C:\Users\Nour E-Din\Desktop\Embedded projects\LED Matrix (Rock Papper Scisser)\Debug\Obj: [1]
    LEDMATRIX.o                 632       94      512
    main.o                       18
    -------------------------------------------------
    Total:                      650       94      512

dl7M_tln.a: [2]
    exit.o                        4
    low_level_init.o              4
    -------------------------------------------------
    Total:                        8

m7M_tls.a: [3]
    fpinit_M.o                   34
    -------------------------------------------------
    Total:                       34

rt7M_tl.a: [4]
    cexit.o                      10
    cmain.o                      30
    cstartup_M.o                 12
    data_init.o                  40
    packbits_init_single.o       56
    vector_table_M.o             66
    -------------------------------------------------
    Total:                      214

shb_l.a: [5]
    exit.o                       20
    -------------------------------------------------
    Total:                       20

    Gaps                          4        2
    Linker created                        16    4'096
-----------------------------------------------------
    Grand Total:                930      112    4'608


*******************************************************************************
*** ENTRY LIST
***

Entry                       Address   Size  Type      Object
-----                       -------   ----  ----      ------
.iar.init_table$$Base         0x33c          --   Gb  - Linker created -
.iar.init_table$$Limit        0x34c          --   Gb  - Linker created -
?main                         0x351         Code  Gb  cmain.o [4]
CSTACK$$Base            0x2000'0200          --   Gb  - Linker created -
CSTACK$$Limit           0x2000'1200          --   Gb  - Linker created -
LED_init                       0x91   0x64  Code  Gb  LEDMATRIX.o [1]
Region$$Table$$Base           0x33c          --   Gb  - Linker created -
Region$$Table$$Limit          0x34c          --   Gb  - Linker created -
SysTick_Handler               0x37d    0x8  Code  Gb  main.o [1]
Timer1_init                    0x41   0x26  Code  Gb  LEDMATRIX.o [1]
__cmain                       0x351         Code  Gb  cmain.o [4]
__exit                        0x395   0x14  Code  Gb  exit.o [5]
__iar_data_init3              0x2f1   0x28  Code  Gb  data_init.o [4]
__iar_init_vfp                0x319         Code  Gb  fpinit_M.o [3]
__iar_packbits_init_single3
                              0x2b9   0x38  Code  Gb  packbits_init_single.o [4]
__iar_program_start           0x3a9         Code  Gb  cstartup_M.o [4]
__low_level_init              0x36f    0x4  Code  Gb  low_level_init.o [2]
__vector_table                  0x0         Data  Gb  vector_table_M.o [4]
_call_main                    0x35d         Code  Gb  cmain.o [4]
_exit                         0x389         Code  Gb  cexit.o [4]
_main                         0x36b         Code  Gb  cmain.o [4]
delayMicroseconds1             0x67   0x2a  Code  Gb  LEDMATRIX.o [1]
digitalWrite                  0x1ed   0x16  Code  Gb  LEDMATRIX.o [1]
exit                          0x385    0x4  Code  Gb  exit.o [2]
main                          0x373    0xa  Code  Gb  main.o [1]
outputCols                    0x1c7   0x26  Code  Gb  LEDMATRIX.o [1]
outputRows                    0x1a1   0x26  Code  Gb  LEDMATRIX.o [1]
refresh                       0x271    0xa  Code  Gb  LEDMATRIX.o [1]
resetCols                     0x109   0x14  Code  Gb  LEDMATRIX.o [1]
resetRows                      0xf5   0x14  Code  Gb  LEDMATRIX.o [1]
screen                  0x2000'0000  0x200  Data  Gb  LEDMATRIX.o [1]
shiftCols                     0x15f   0x42  Code  Gb  LEDMATRIX.o [1]
shiftRows                     0x11d   0x42  Code  Gb  LEDMATRIX.o [1]
writeShape                    0x203   0x6e  Code  Gb  LEDMATRIX.o [1]


[1] = C:\Users\Nour E-Din\Desktop\Embedded projects\LED Matrix (Rock Papper Scisser)\Debug\Obj
[2] = dl7M_tln.a
[3] = m7M_tls.a
[4] = rt7M_tl.a
[5] = shb_l.a

    930 bytes of readonly  code memory
    112 bytes of readonly  data memory
  4'608 bytes of readwrite data memory

Errors: none
Warnings: none
