###############################################################################
#
# IAR ELF Linker V8.40.1.212/W32 for ARM                  24/Dec/2019  00:01:14
# Copyright 2007-2019 IAR Systems AB.
#
#    Output file  =
#        D:\books+files\ASU_BSc\Senior1\projects\MicroControllers\projects\LED-Matrix-Game\Debug\Exe\Final
#        Project.out
#    Map file     =
#        D:\books+files\ASU_BSc\Senior1\projects\MicroControllers\projects\LED-Matrix-Game\Debug\List\Final
#        Project.map
#    Command line =
#        -f C:\Users\moham\AppData\Local\Temp\EW1562.tmp
#        (D:\books+files\ASU_BSc\Senior1\projects\MicroControllers\projects\LED-Matrix-Game\Debug\Obj\Animate.o
#        D:\books+files\ASU_BSc\Senior1\projects\MicroControllers\projects\LED-Matrix-Game\Debug\Obj\IO.o
#        D:\books+files\ASU_BSc\Senior1\projects\MicroControllers\projects\LED-Matrix-Game\Debug\Obj\LEDMATRIX.o
#        D:\books+files\ASU_BSc\Senior1\projects\MicroControllers\projects\LED-Matrix-Game\Debug\Obj\main.o
#        D:\books+files\ASU_BSc\Senior1\projects\MicroControllers\projects\LED-Matrix-Game\Debug\Obj\RPS.o
#        D:\books+files\ASU_BSc\Senior1\projects\MicroControllers\projects\LED-Matrix-Game\Debug\Obj\Time.o
#        --no_out_extension -o
#        "D:\books+files\ASU_BSc\Senior1\projects\MicroControllers\projects\LED-Matrix-Game\Debug\Exe\Final
#        Project.out" --redirect _Printf=_PrintfFullNoMb --redirect
#        _Scanf=_ScanfFullNoMb --map
#        "D:\books+files\ASU_BSc\Senior1\projects\MicroControllers\projects\LED-Matrix-Game\Debug\List\Final
#        Project.map" --config "C:\Program Files (x86)\IAR Systems\Embedded
#        Workbench 8.3\arm\config\linker\TexasInstruments\TM4C123GH6.icf"
#        --semihosting
#        C:\ti\TivaWare_C_Series-2.1.4.178\driverlib\ewarm\Exe\driverlib.a
#        --entry __iar_program_start --vfe --text_out locale)
#
###############################################################################

*******************************************************************************
*** RUNTIME MODEL ATTRIBUTES
***

CppFlavor       = *
__SystemLibrary = DLib
__dlib_version  = 6


*******************************************************************************
*** HEAP SELECTION
***

The basic heap was selected because some modules are built with
size limitations (and not runtime checking), and --advanced_heap
was not specified.


*******************************************************************************
*** PLACEMENT SUMMARY
***

"A0":  place at address 0x0 { ro section .intvec };
"P1":  place in [from 0x0 to 0x3'ffff] { ro };
define block CSTACK with size = 4K, alignment = 8 { };
define block HEAP with size = 8K, alignment = 8 { };
"P2":  place in [from 0x2000'0000 to 0x2000'7fff] {
          rw, block CSTACK, block HEAP };
initialize by copy { rw };

  Section            Kind         Address    Size  Object
  -------            ----         -------    ----  ------
"A0":                                        0x40
  .intvec            ro code          0x0    0x40  vector_table_M.o [4]
                                   - 0x40    0x40

"P1":                                       0x7ef
  .text              ro code         0x40   0x220  LEDMATRIX.o [1]
  .text              ro code        0x260    0xbc  Time.o [1]
  .text              ro code        0x31c    0xb8  Animate.o [1]
  .text              ro code        0x3d4    0xb0  rand.o [2]
  .text              ro code        0x484    0x40  IO.o [1]
  .text              ro code        0x4c4    0x78  lz77_init_single.o [4]
  .text              ro code        0x53c    0x3a  zero_init3.o [4]
  .text              ro code        0x576     0x2  vector_table_M.o [4]
  .text              ro code        0x578    0x28  data_init.o [4]
  .text              ro code        0x5a0    0x24  main.o [1]
  .text              ro code        0x5c4    0x22  fpinit_M.o [3]
  .iar.init_table    const          0x5e8    0x20  - Linker created -
  .text              ro code        0x608    0x1e  cmain.o [4]
  .text              ro code        0x626     0x4  low_level_init.o [2]
  .text              ro code        0x62a     0x4  exit.o [2]
  .text              ro code        0x630     0xa  cexit.o [4]
  .text              ro code        0x63c    0x14  exit.o [5]
  .text              ro code        0x650     0xc  cstartup_M.o [4]
  .rodata            const          0x65c     0x0  zero_init3.o [4]
  .rodata            const          0x65c     0x0  lz77_init_single.o [4]
  Initializer bytes  const          0x65c   0x1d3  <for P2-1>
                                  - 0x82f   0x7ef

"P2", part 1 of 3:                         0x1208
  P2-1                        0x2000'0000  0x1208  <Init block>
    .data            inited   0x2000'0000   0x200  Animate.o [1]
    .data            inited   0x2000'0200   0x200  Animate.o [1]
    .data            inited   0x2000'0400   0x200  Animate.o [1]
    .data            inited   0x2000'0600   0x200  Animate.o [1]
    .data            inited   0x2000'0800   0x200  Animate.o [1]
    .data            inited   0x2000'0a00   0x200  Animate.o [1]
    .data            inited   0x2000'0c00   0x200  Animate.o [1]
    .data            inited   0x2000'0e00   0x200  Animate.o [1]
    .data            inited   0x2000'1000   0x200  LEDMATRIX.o [1]
    .data            inited   0x2000'1200     0x8  rand.o [2]
                            - 0x2000'1208  0x1208

"P2", part 2 of 3:                           0x84
  .bss               zero     0x2000'1208    0x84  rand.o [2]
                            - 0x2000'128c    0x84

"P2", part 3 of 3:                         0x1000
  CSTACK                      0x2000'1290  0x1000  <Block>
    CSTACK           uninit   0x2000'1290  0x1000  <Block tail>
                            - 0x2000'2290  0x1000

Unused ranges:

         From           To      Size
         ----           --      ----
        0x82f     0x3'ffff  0x3'f7d1
  0x2000'128c  0x2000'128f       0x4
  0x2000'2290  0x2000'7fff    0x5d70


*******************************************************************************
*** INIT TABLE
***

          Address      Size
          -------      ----
Zero (__iar_zero_init3)
    1 destination range, total size 0x84:
          0x2000'1208    0x84

Copy/lz77 (__iar_lz77_init_single3)
    1 source range, total size 0x1d3 (10% of destination):
                0x65c   0x1d3
    1 destination range, total size 0x1208:
          0x2000'0000  0x1208



*******************************************************************************
*** MODULE SUMMARY
***

    Module              ro code  ro data  rw data
    ------              -------  -------  -------
command line/config:
    ---------------------------------------------
    Total:

D:\books+files\ASU_BSc\Senior1\projects\MicroControllers\projects\LED-Matrix-Game\Debug\Obj: [1]
    Animate.o               184      414    4'096
    IO.o                     64
    LEDMATRIX.o             544       52      512
    Time.o                  188
    main.o                   36
    ---------------------------------------------
    Total:                1'016      466    4'608

dl7M_tln.a: [2]
    exit.o                    4
    low_level_init.o          4
    rand.o                  176        1      140
    ---------------------------------------------
    Total:                  184        1      140

m7M_tls.a: [3]
    fpinit_M.o               34
    ---------------------------------------------
    Total:                   34

rt7M_tl.a: [4]
    cexit.o                  10
    cmain.o                  30
    cstartup_M.o             12
    data_init.o              40
    lz77_init_single.o      120
    vector_table_M.o         66
    zero_init3.o             58
    ---------------------------------------------
    Total:                  336

shb_l.a: [5]
    exit.o                   20
    ---------------------------------------------
    Total:                   20

    Gaps                      4        2
    Linker created                    32    4'096
-------------------------------------------------
    Grand Total:          1'594      501    8'844


*******************************************************************************
*** ENTRY LIST
***

Entry                       Address   Size  Type      Object
-----                       -------   ----  ----      ------
.iar.init_table$$Base         0x5e8          --   Gb  - Linker created -
.iar.init_table$$Limit        0x608          --   Gb  - Linker created -
?main                         0x609         Code  Gb  cmain.o [4]
CSTACK$$Base            0x2000'1290          --   Gb  - Linker created -
CSTACK$$Limit           0x2000'2290          --   Gb  - Linker created -
LED_init                       0x41   0x60  Code  Gb  LEDMATRIX.o [1]
RandomShape1            0x2000'0000  0x200  Data  Gb  Animate.o [1]
RandomShape2            0x2000'0200  0x200  Data  Gb  Animate.o [1]
RandomShape3            0x2000'0400  0x200  Data  Gb  Animate.o [1]
RandomShape4            0x2000'0600  0x200  Data  Gb  Animate.o [1]
RandomShape5            0x2000'0800  0x200  Data  Gb  Animate.o [1]
RandomShape6            0x2000'0a00  0x200  Data  Gb  Animate.o [1]
RandomShape7            0x2000'0c00  0x200  Data  Gb  Animate.o [1]
RandomShape8            0x2000'0e00  0x200  Data  Gb  Animate.o [1]
Region$$Table$$Base           0x5e8          --   Gb  - Linker created -
Region$$Table$$Limit          0x608          --   Gb  - Linker created -
SysTick_Handler               0x5bd    0x8  Code  Gb  main.o [1]
Timer0_init                   0x261   0x1e  Code  Gb  Time.o [1]
_Rand_idx               0x2000'1288    0x4  Data  Lc  rand.o [2]
_Rand_rv                0x2000'1208   0x80  Data  Lc  rand.o [2]
_Randinit               0x2000'1200    0x1  Data  Gb  rand.o [2]
_Randseed               0x2000'1204    0x4  Data  Gb  rand.o [2]
__cmain                       0x609         Code  Gb  cmain.o [4]
__exit                        0x63d   0x14  Code  Gb  exit.o [5]
__iar_data_init3              0x579   0x28  Code  Gb  data_init.o [4]
__iar_init_vfp                0x5c5         Code  Gb  fpinit_M.o [3]
__iar_lz77_init_single3
                              0x4c5   0x78  Code  Gb  lz77_init_single.o [4]
__iar_program_start           0x651         Code  Gb  cstartup_M.o [4]
__iar_zero_init3              0x53d   0x3a  Code  Gb  zero_init3.o [4]
__low_level_init              0x627    0x4  Code  Gb  low_level_init.o [2]
__vector_table                  0x0         Data  Gb  vector_table_M.o [4]
_call_main                    0x615         Code  Gb  cmain.o [4]
_exit                         0x631         Code  Gb  cexit.o [4]
_main                         0x623         Code  Gb  cmain.o [4]
cpyArrToScreen                0x209   0x34  Code  Gb  LEDMATRIX.o [1]
delayMicroseconds             0x27f   0x22  Code  Gb  Time.o [1]
delay_milli                   0x2a1   0x26  Code  Gb  Time.o [1]
digitalWrite                  0x199   0x16  Code  Gb  LEDMATRIX.o [1]
exit                          0x62b    0x4  Code  Gb  exit.o [2]
init_port_e                   0x485   0x2a  Code  Gb  IO.o [1]
main                          0x5a1   0x16  Code  Gb  main.o [1]
outputCols                    0x173   0x26  Code  Gb  LEDMATRIX.o [1]
outputRows                    0x14d   0x26  Code  Gb  LEDMATRIX.o [1]
rand                          0x3d5   0x94  Code  Gb  rand.o [2]
randomFlash                   0x31d   0x94  Code  Gb  Animate.o [1]
readButtons                   0x4c1    0x4  Code  Gb  IO.o [1]
refresh                       0x1ff    0xa  Code  Gb  LEDMATRIX.o [1]
resetCols                      0xb5   0x14  Code  Gb  LEDMATRIX.o [1]
resetRows                      0xa1   0x14  Code  Gb  LEDMATRIX.o [1]
screen                  0x2000'1000  0x200  Data  Gb  LEDMATRIX.o [1]
shiftCols                     0x10b   0x42  Code  Gb  LEDMATRIX.o [1]
shiftRows                      0xc9   0x42  Code  Gb  LEDMATRIX.o [1]
srand                         0x469    0xa  Code  Gb  rand.o [2]
systickInit                   0x2c9   0x28  Code  Gb  Time.o [1]
writeShape                    0x1af   0x50  Code  Gb  LEDMATRIX.o [1]


[1] = D:\books+files\ASU_BSc\Senior1\projects\MicroControllers\projects\LED-Matrix-Game\Debug\Obj
[2] = dl7M_tln.a
[3] = m7M_tls.a
[4] = rt7M_tl.a
[5] = shb_l.a

  1'594 bytes of readonly  code memory
    501 bytes of readonly  data memory
  8'844 bytes of readwrite data memory

Errors: none
Warnings: none
